/home/jogn/Projects/RIOT/build/pkg/lua/lapi.c:60:16:index2addr	12	static
/home/jogn/Projects/RIOT/build/pkg/lua/lapi.c:91:13:growstack	8	static
/home/jogn/Projects/RIOT/build/pkg/lua/lapi.c:587:12:auxgetstr	24	static
/home/jogn/Projects/RIOT/build/pkg/lua/lapi.c:742:13:auxsetstr	32	static
/home/jogn/Projects/RIOT/build/pkg/lua/lapi.c:940:13:f_call	8	static
/home/jogn/Projects/RIOT/build/pkg/lua/lapi.c:1196:20:aux_upvalue.constprop	16	static
/home/jogn/Projects/RIOT/build/pkg/lua/lapi.c:193:13:reverse.constprop	24	static
/home/jogn/Projects/RIOT/build/pkg/lua/lapi.c:97:13:lua_checkstack	24	static
/home/jogn/Projects/RIOT/build/pkg/lua/lapi.c:118:14:lua_xmove	20	static
/home/jogn/Projects/RIOT/build/pkg/lua/lapi.c:134:23:lua_atpanic	0	static
/home/jogn/Projects/RIOT/build/pkg/lua/lapi.c:144:27:lua_version	0	static
/home/jogn/Projects/RIOT/build/pkg/lua/lapi.c:160:13:lua_absindex	0	static
/home/jogn/Projects/RIOT/build/pkg/lua/lapi.c:167:13:lua_gettop	0	static
/home/jogn/Projects/RIOT/build/pkg/lua/lapi.c:172:14:lua_settop	8	static
/home/jogn/Projects/RIOT/build/pkg/lua/lapi.c:207:14:lua_rotate	16	static
/home/jogn/Projects/RIOT/build/pkg/lua/lapi.c:222:14:lua_copy	16	static
/home/jogn/Projects/RIOT/build/pkg/lua/lapi.c:237:14:lua_pushvalue	16	static
/home/jogn/Projects/RIOT/build/pkg/lua/lapi.c:251:13:lua_type	8	static
/home/jogn/Projects/RIOT/build/pkg/lua/lapi.c:257:21:lua_typename	0	static
/home/jogn/Projects/RIOT/build/pkg/lua/lapi.c:264:13:lua_iscfunction	8	static
/home/jogn/Projects/RIOT/build/pkg/lua/lapi.c:270:13:lua_isinteger	8	static
/home/jogn/Projects/RIOT/build/pkg/lua/lapi.c:276:13:lua_isnumber	16	static
/home/jogn/Projects/RIOT/build/pkg/lua/lapi.c:283:13:lua_isstring	8	static
/home/jogn/Projects/RIOT/build/pkg/lua/lapi.c:289:13:lua_isuserdata	8	static
/home/jogn/Projects/RIOT/build/pkg/lua/lapi.c:295:13:lua_rawequal	24	static
/home/jogn/Projects/RIOT/build/pkg/lua/lapi.c:302:14:lua_arith	24	static
/home/jogn/Projects/RIOT/build/pkg/lua/lapi.c:318:13:lua_compare	32	static
/home/jogn/Projects/RIOT/build/pkg/lua/lapi.c:337:16:lua_stringtonumber	8	static
/home/jogn/Projects/RIOT/build/pkg/lua/lapi.c:345:20:lua_tonumberx	16	static
/home/jogn/Projects/RIOT/build/pkg/lua/lapi.c:356:21:lua_tointegerx	16	static
/home/jogn/Projects/RIOT/build/pkg/lua/lapi.c:367:13:lua_toboolean	8	static
/home/jogn/Projects/RIOT/build/pkg/lua/lapi.c:373:21:lua_tolstring	16	static
/home/jogn/Projects/RIOT/build/pkg/lua/lapi.c:392:16:lua_rawlen	8	static
/home/jogn/Projects/RIOT/build/pkg/lua/lapi.c:404:23:lua_tocfunction	8	static
/home/jogn/Projects/RIOT/build/pkg/lua/lapi.c:413:15:lua_touserdata	8	static
/home/jogn/Projects/RIOT/build/pkg/lua/lapi.c:423:20:lua_tothread	8	static
/home/jogn/Projects/RIOT/build/pkg/lua/lapi.c:429:21:lua_topointer	8	static
/home/jogn/Projects/RIOT/build/pkg/lua/lapi.c:450:14:lua_pushnil	0	static
/home/jogn/Projects/RIOT/build/pkg/lua/lapi.c:458:14:lua_pushnumber	0	static
/home/jogn/Projects/RIOT/build/pkg/lua/lapi.c:466:14:lua_pushinteger	0	static
/home/jogn/Projects/RIOT/build/pkg/lua/lapi.c:479:21:lua_pushlstring	16	static
/home/jogn/Projects/RIOT/build/pkg/lua/lapi.c:491:21:lua_pushstring	16	static
/home/jogn/Projects/RIOT/build/pkg/lua/lapi.c:508:21:lua_pushvfstring	16	static
/home/jogn/Projects/RIOT/build/pkg/lua/lapi.c:519:21:lua_pushfstring	20	static
/home/jogn/Projects/RIOT/build/pkg/lua/lapi.c:532:14:lua_pushcclosure	24	static
/home/jogn/Projects/RIOT/build/pkg/lua/lapi.c:556:14:lua_pushboolean	0	static
/home/jogn/Projects/RIOT/build/pkg/lua/lapi.c:564:14:lua_pushlightuserdata	0	static
/home/jogn/Projects/RIOT/build/pkg/lua/lapi.c:572:13:lua_pushthread	0	static
/home/jogn/Projects/RIOT/build/pkg/lua/lapi.c:604:13:lua_getglobal	16	static
/home/jogn/Projects/RIOT/build/pkg/lua/lapi.c:611:13:lua_gettable	24	static
/home/jogn/Projects/RIOT/build/pkg/lua/lapi.c:621:13:lua_getfield	16	static
/home/jogn/Projects/RIOT/build/pkg/lua/lapi.c:627:13:lua_geti	24	static
/home/jogn/Projects/RIOT/build/pkg/lua/lapi.c:646:13:lua_rawget	16	static
/home/jogn/Projects/RIOT/build/pkg/lua/lapi.c:657:13:lua_rawgeti	16	static
/home/jogn/Projects/RIOT/build/pkg/lua/lapi.c:669:13:lua_rawgetp	24	static
/home/jogn/Projects/RIOT/build/pkg/lua/lapi.c:683:14:lua_createtable	24	static
/home/jogn/Projects/RIOT/build/pkg/lua/lapi.c:696:13:lua_getmetatable	8	static
/home/jogn/Projects/RIOT/build/pkg/lua/lapi.c:723:13:lua_getuservalue	8	static
/home/jogn/Projects/RIOT/build/pkg/lua/lapi.c:758:14:lua_setglobal	16	static
/home/jogn/Projects/RIOT/build/pkg/lua/lapi.c:765:14:lua_settable	24	static
/home/jogn/Projects/RIOT/build/pkg/lua/lapi.c:776:14:lua_setfield	16	static
/home/jogn/Projects/RIOT/build/pkg/lua/lapi.c:782:14:lua_seti	32	static
/home/jogn/Projects/RIOT/build/pkg/lua/lapi.c:800:14:lua_rawset	16	static
/home/jogn/Projects/RIOT/build/pkg/lua/lapi.c:816:14:lua_rawseti	16	static
/home/jogn/Projects/RIOT/build/pkg/lua/lapi.c:829:14:lua_rawsetp	24	static
/home/jogn/Projects/RIOT/build/pkg/lua/lapi.c:845:13:lua_setmetatable	16	static
/home/jogn/Projects/RIOT/build/pkg/lua/lapi.c:885:14:lua_setuservalue	8	static
/home/jogn/Projects/RIOT/build/pkg/lua/lapi.c:908:14:lua_callk	16	static
/home/jogn/Projects/RIOT/build/pkg/lua/lapi.c:947:13:lua_pcallk	48	static
/home/jogn/Projects/RIOT/build/pkg/lua/lapi.c:991:13:lua_load	48	static
/home/jogn/Projects/RIOT/build/pkg/lua/lapi.c:1015:13:lua_dump	24	static
/home/jogn/Projects/RIOT/build/pkg/lua/lapi.c:1030:13:lua_status	0	static
/home/jogn/Projects/RIOT/build/pkg/lua/lapi.c:1039:13:lua_gc	32	static
/home/jogn/Projects/RIOT/build/pkg/lua/lapi.c:1113:13:lua_error	8	static
/home/jogn/Projects/RIOT/build/pkg/lua/lapi.c:1122:13:lua_next	8	static
/home/jogn/Projects/RIOT/build/pkg/lua/lapi.c:1139:14:lua_concat	16	static
/home/jogn/Projects/RIOT/build/pkg/lua/lapi.c:1155:14:lua_len	8	static
/home/jogn/Projects/RIOT/build/pkg/lua/lapi.c:1165:19:lua_getallocf	0	static
/home/jogn/Projects/RIOT/build/pkg/lua/lapi.c:1175:14:lua_setallocf	0	static
/home/jogn/Projects/RIOT/build/pkg/lua/lapi.c:1183:15:lua_newuserdata	16	static
/home/jogn/Projects/RIOT/build/pkg/lua/lapi.c:1221:21:lua_getupvalue	32	static
/home/jogn/Projects/RIOT/build/pkg/lua/lapi.c:1235:21:lua_setupvalue	40	static
/home/jogn/Projects/RIOT/build/pkg/lua/lapi.c:1267:15:lua_upvalueid	8	static
/home/jogn/Projects/RIOT/build/pkg/lua/lapi.c:1286:14:lua_upvaluejoin	24	static
