/home/jogn/Projects/RIOT/build/pkg/lua/lauxlib.c:754:20:getS	0	static
/home/jogn/Projects/RIOT/build/pkg/lua/lauxlib.c:111:12:lastlevel	128	static
/home/jogn/Projects/RIOT/build/pkg/lua/lauxlib.c:47:12:findfield	24	static
/home/jogn/Projects/RIOT/build/pkg/lua/lauxlib.c:74:12:pushglobalfuncname	24	static
/home/jogn/Projects/RIOT/build/pkg/lua/lauxlib.c:669:12:errfile	32	static
/home/jogn/Projects/RIOT/build/pkg/lua/lauxlib.c:651:20:getF	16	static
/home/jogn/Projects/RIOT/build/pkg/lua/lauxlib.c:699:12:skipcomment	16	static
/home/jogn/Projects/RIOT/build/pkg/lua/lauxlib.c:206:17:luaL_where	112	static
/home/jogn/Projects/RIOT/build/pkg/lua/lauxlib.c:224:16:luaL_error	20	static
/home/jogn/Projects/RIOT/build/pkg/lua/lauxlib.c:165:16:luaL_argerror	136	static
/home/jogn/Projects/RIOT/build/pkg/lua/lauxlib.c:462:14:resizebox	40	static
/home/jogn/Projects/RIOT/build/pkg/lua/lauxlib.c:477:12:boxgc	8	static
/home/jogn/Projects/RIOT/build/pkg/lua/lauxlib.c:235:16:luaL_fileresult	16	static
/home/jogn/Projects/RIOT/build/pkg/lua/lauxlib.c:275:16:luaL_execresult	16	static
/home/jogn/Projects/RIOT/build/pkg/lua/lauxlib.c:300:16:luaL_newmetatable	16	static
/home/jogn/Projects/RIOT/build/pkg/lua/lauxlib.c:313:17:luaL_setmetatable	8	static
/home/jogn/Projects/RIOT/build/pkg/lua/lauxlib.c:319:18:luaL_testudata	24	static
/home/jogn/Projects/RIOT/build/pkg/lua/lauxlib.c:369:17:luaL_checkstack	16	static
/home/jogn/Projects/RIOT/build/pkg/lua/lauxlib.c:126:17:luaL_traceback	144	static
/home/jogn/Projects/RIOT/build/pkg/lua/lauxlib.c:385:17:luaL_checkany	16	static
/home/jogn/Projects/RIOT/build/pkg/lua/lauxlib.c:505:18:luaL_prepbuffsize	24	static
/home/jogn/Projects/RIOT/build/pkg/lua/lauxlib.c:536:17:luaL_addlstring	16	static
/home/jogn/Projects/RIOT/build/pkg/lua/lauxlib.c:545:17:luaL_addstring	16	static
/home/jogn/Projects/RIOT/build/pkg/lua/lauxlib.c:550:17:luaL_pushresult	16	static
/home/jogn/Projects/RIOT/build/pkg/lua/lauxlib.c:560:17:luaL_pushresultsize	8	static
/home/jogn/Projects/RIOT/build/pkg/lua/lauxlib.c:566:17:luaL_addvalue	24	static
/home/jogn/Projects/RIOT/build/pkg/lua/lauxlib.c:577:17:luaL_buffinit	0	static
/home/jogn/Projects/RIOT/build/pkg/lua/lauxlib.c:585:18:luaL_buffinitsize	8	static
/home/jogn/Projects/RIOT/build/pkg/lua/lauxlib.c:604:16:luaL_ref	16	static
/home/jogn/Projects/RIOT/build/pkg/lua/lauxlib.c:625:17:luaL_unref	16	static
/home/jogn/Projects/RIOT/build/pkg/lua/lauxlib.c:712:16:luaL_loadfilex	120	static
/home/jogn/Projects/RIOT/build/pkg/lua/lauxlib.c:764:16:luaL_loadbufferx	24	static
/home/jogn/Projects/RIOT/build/pkg/lua/lauxlib.c:773:16:luaL_loadstring	24	static
/home/jogn/Projects/RIOT/build/pkg/lua/lauxlib.c:781:16:luaL_getmetafield	16	static
/home/jogn/Projects/RIOT/build/pkg/lua/lauxlib.c:183:12:typeerror.isra	16	static
/home/jogn/Projects/RIOT/build/pkg/lua/lauxlib.c:197:13:tag_error	16	static
/home/jogn/Projects/RIOT/build/pkg/lua/lauxlib.c:379:17:luaL_checktype	16	static
/home/jogn/Projects/RIOT/build/pkg/lua/lauxlib.c:391:24:luaL_checklstring	16	static
/home/jogn/Projects/RIOT/build/pkg/lua/lauxlib.c:398:24:luaL_optlstring	24	static
/home/jogn/Projects/RIOT/build/pkg/lua/lauxlib.c:349:16:luaL_checkoption	32	static
/home/jogn/Projects/RIOT/build/pkg/lua/lauxlib.c:409:23:luaL_checknumber	24	static
/home/jogn/Projects/RIOT/build/pkg/lua/lauxlib.c:418:23:luaL_optnumber	16	static
/home/jogn/Projects/RIOT/build/pkg/lua/lauxlib.c:431:24:luaL_checkinteger	24	static
/home/jogn/Projects/RIOT/build/pkg/lua/lauxlib.c:441:24:luaL_optinteger	16	static
/home/jogn/Projects/RIOT/build/pkg/lua/lauxlib.c:334:18:luaL_checkudata	24	static
/home/jogn/Projects/RIOT/build/pkg/lua/lauxlib.c:797:16:luaL_callmeta	24	static
/home/jogn/Projects/RIOT/build/pkg/lua/lauxlib.c:807:24:luaL_len	24	static
/home/jogn/Projects/RIOT/build/pkg/lua/lauxlib.c:819:24:luaL_tolstring	32	static
/home/jogn/Projects/RIOT/build/pkg/lua/lauxlib.c:943:17:luaL_setfuncs	24	static
/home/jogn/Projects/RIOT/build/pkg/lua/lauxlib.c:960:16:luaL_getsubtable	16	static
/home/jogn/Projects/RIOT/build/pkg/lua/lauxlib.c:980:17:luaL_requiref	40	static
/home/jogn/Projects/RIOT/build/pkg/lua/lauxlib.c:1000:24:luaL_gsub	48	static
/home/jogn/Projects/RIOT/build/pkg/lua/lauxlib.c:1017:17:luaL_checkversion_	32	static
