/home/jogn/Projects/RIOT/build/pkg/lua/lbaselib.c:356:12:dofilecont	8	static
/home/jogn/Projects/RIOT/build/pkg/lua/lbaselib.c:201:12:luaB_type	16	static
/home/jogn/Projects/RIOT/build/pkg/lua/lbaselib.c:446:12:luaB_tostring	8	static
/home/jogn/Projects/RIOT/build/pkg/lua/lbaselib.c:385:12:luaB_select	16	static
/home/jogn/Projects/RIOT/build/pkg/lua/lbaselib.c:69:12:luaB_tonumber	48	static
/home/jogn/Projects/RIOT/build/pkg/lua/lbaselib.c:125:12:luaB_setmetatable	16	static
/home/jogn/Projects/RIOT/build/pkg/lua/lbaselib.c:163:12:luaB_rawset	8	static
/home/jogn/Projects/RIOT/build/pkg/lua/lbaselib.c:155:12:luaB_rawget	8	static
/home/jogn/Projects/RIOT/build/pkg/lua/lbaselib.c:146:12:luaB_rawlen	8	static
/home/jogn/Projects/RIOT/build/pkg/lua/lbaselib.c:138:12:luaB_rawequal	8	static
/home/jogn/Projects/RIOT/build/pkg/lua/lbaselib.c:24:12:luaB_print	48	static
/home/jogn/Projects/RIOT/build/pkg/lua/lbaselib.c:257:12:luaB_ipairs	8	static
/home/jogn/Projects/RIOT/build/pkg/lua/lbaselib.c:226:12:luaB_next	8	static
/home/jogn/Projects/RIOT/build/pkg/lua/lbaselib.c:317:20:generic_reader	24	static
/home/jogn/Projects/RIOT/build/pkg/lua/lbaselib.c:246:12:ipairsaux	16	static
/home/jogn/Projects/RIOT/build/pkg/lua/lbaselib.c:102:12:luaB_error	16	static
/home/jogn/Projects/RIOT/build/pkg/lua/lbaselib.c:173:12:luaB_collectgarbage	16	static
/home/jogn/Projects/RIOT/build/pkg/lua/lbaselib.c:408:12:finishpcall	16	static
/home/jogn/Projects/RIOT/build/pkg/lua/lbaselib.c:434:12:luaB_xpcall	24	static
/home/jogn/Projects/RIOT/build/pkg/lua/lbaselib.c:419:12:luaB_pcall	24	static
/home/jogn/Projects/RIOT/build/pkg/lua/lbaselib.c:270:12:load_aux	8	static
/home/jogn/Projects/RIOT/build/pkg/lua/lbaselib.c:334:12:luaB_load	48	static
/home/jogn/Projects/RIOT/build/pkg/lua/lbaselib.c:287:12:luaB_loadfile	24	static
/home/jogn/Projects/RIOT/build/pkg/lua/lbaselib.c:114:12:luaB_getmetatable	8	static
/home/jogn/Projects/RIOT/build/pkg/lua/lbaselib.c:362:12:luaB_dofile	24	static
/home/jogn/Projects/RIOT/build/pkg/lua/lbaselib.c:372:12:luaB_assert	8	static
/home/jogn/Projects/RIOT/build/pkg/lua/lbaselib.c:238:12:luaB_pairs	16	static
/home/jogn/Projects/RIOT/build/pkg/lua/lbaselib.c:486:16:luaopen_base	16	static
