/home/jogn/Projects/RIOT/build/pkg/lua/lcode.c:428:12:addk	48	static
/home/jogn/Projects/RIOT/build/pkg/lua/lcode.c:43:12:tonumeral	8	static
/home/jogn/Projects/RIOT/build/pkg/lua/lcode.c:978:12:constfolding	64	static
/home/jogn/Projects/RIOT/build/pkg/lua/lcode.c:386:13:freereg	0	static
/home/jogn/Projects/RIOT/build/pkg/lua/lcode.c:397:13:freeexp	8	static
/home/jogn/Projects/RIOT/build/pkg/lua/lcode.c:407:13:freeexps	16	static
/home/jogn/Projects/RIOT/build/pkg/lua/lcode.c:103:13:fixjump	8	static
/home/jogn/Projects/RIOT/build/pkg/lua/lcode.c:179:21:getjumpcontrol.isra	0	static
/home/jogn/Projects/RIOT/build/pkg/lua/lcode.c:195:12:patchtestreg.isra	16	static
/home/jogn/Projects/RIOT/build/pkg/lua/lcode.c:825:13:negatecondition.isra	8	static
/home/jogn/Projects/RIOT/build/pkg/lua/lcode.c:90:12:getjump.isra	0	static
/home/jogn/Projects/RIOT/build/pkg/lua/lcode.c:224:13:patchlistaux	32	static
/home/jogn/Projects/RIOT/build/pkg/lua/lcode.c:293:12:luaK_code	24	static
/home/jogn/Projects/RIOT/build/pkg/lua/lcode.c:659:12:need_value	24	static
/home/jogn/Projects/RIOT/build/pkg/lua/lcode.c:213:13:removevalues	16	static
/home/jogn/Projects/RIOT/build/pkg/lua/lcode.c:116:6:luaK_concat	24	static
/home/jogn/Projects/RIOT/build/pkg/lua/lcode.c:136:5:luaK_jump	24	static
/home/jogn/Projects/RIOT/build/pkg/lua/lcode.c:168:5:luaK_getlabel	0	static
/home/jogn/Projects/RIOT/build/pkg/lua/lcode.c:252:6:luaK_patchtohere	8	static
/home/jogn/Projects/RIOT/build/pkg/lua/lcode.c:263:6:luaK_patchlist	16	static
/home/jogn/Projects/RIOT/build/pkg/lua/lcode.c:278:6:luaK_patchclose	16	static
/home/jogn/Projects/RIOT/build/pkg/lua/lcode.c:312:5:luaK_codeABC	8	static
/home/jogn/Projects/RIOT/build/pkg/lua/lcode.c:64:6:luaK_nil	40	static
/home/jogn/Projects/RIOT/build/pkg/lua/lcode.c:149:6:luaK_ret	16	static
/home/jogn/Projects/RIOT/build/pkg/lua/lcode.c:324:5:luaK_codeABx	8	static
/home/jogn/Projects/RIOT/build/pkg/lua/lcode.c:346:5:luaK_codek	16	static
/home/jogn/Projects/RIOT/build/pkg/lua/lcode.c:361:6:luaK_checkstack	8	static
/home/jogn/Projects/RIOT/build/pkg/lua/lcode.c:375:6:luaK_reserveregs	16	static
/home/jogn/Projects/RIOT/build/pkg/lua/lcode.c:458:5:luaK_stringK	16	static
/home/jogn/Projects/RIOT/build/pkg/lua/lcode.c:471:5:luaK_intK	24	static
/home/jogn/Projects/RIOT/build/pkg/lua/lcode.c:515:6:luaK_setreturns	8	static
/home/jogn/Projects/RIOT/build/pkg/lua/lcode.c:539:6:luaK_setoneret	0	static
/home/jogn/Projects/RIOT/build/pkg/lua/lcode.c:556:6:luaK_dischargevars	24	static
/home/jogn/Projects/RIOT/build/pkg/lua/lcode.c:595:13:discharge2reg	32	static
/home/jogn/Projects/RIOT/build/pkg/lua/lcode.c:675:13:exp2reg	48	static
/home/jogn/Projects/RIOT/build/pkg/lua/lcode.c:839:12:jumponcond	24	static
/home/jogn/Projects/RIOT/build/pkg/lua/lcode.c:703:6:luaK_exp2nextreg	16	static
/home/jogn/Projects/RIOT/build/pkg/lua/lcode.c:715:5:luaK_exp2anyreg	16	static
/home/jogn/Projects/RIOT/build/pkg/lua/lcode.c:734:6:luaK_exp2anyregup	8	static
/home/jogn/Projects/RIOT/build/pkg/lua/lcode.c:744:6:luaK_exp2val	8	static
/home/jogn/Projects/RIOT/build/pkg/lua/lcode.c:758:5:luaK_exp2RK	32	static
/home/jogn/Projects/RIOT/build/pkg/lua/lcode.c:782:6:luaK_storevar	32	static
/home/jogn/Projects/RIOT/build/pkg/lua/lcode.c:809:6:luaK_self	32	static
/home/jogn/Projects/RIOT/build/pkg/lua/lcode.c:857:6:luaK_goiftrue	16	static
/home/jogn/Projects/RIOT/build/pkg/lua/lcode.c:884:6:luaK_goiffalse	16	static
/home/jogn/Projects/RIOT/build/pkg/lua/lcode.c:946:6:luaK_indexed	8	static
/home/jogn/Projects/RIOT/build/pkg/lua/lcode.c:1086:6:luaK_infix	16	static
/home/jogn/Projects/RIOT/build/pkg/lua/lcode.c:1177:6:luaK_fixline	0	static
/home/jogn/Projects/RIOT/build/pkg/lua/lcode.c:1066:6:luaK_prefix	40	static
/home/jogn/Projects/RIOT/build/pkg/lua/lcode.c:1022:13:codebinexpval	40	static
/home/jogn/Projects/RIOT/build/pkg/lua/lcode.c:1124:6:luaK_posfix	40	static
/home/jogn/Projects/RIOT/build/pkg/lua/lcode.c:1189:6:luaK_setlist	32	static
