/home/jogn/Projects/RIOT/build/pkg/lua/ldblib.c:41:12:db_getregistry	8	static
/home/jogn/Projects/RIOT/build/pkg/lua/ldblib.c:248:12:auxupvalue	16	static
/home/jogn/Projects/RIOT/build/pkg/lua/ldblib.c:265:12:db_setupvalue	8	static
/home/jogn/Projects/RIOT/build/pkg/lua/ldblib.c:260:12:db_getupvalue	8	static
/home/jogn/Projects/RIOT/build/pkg/lua/ldblib.c:275:12:checkupval	24	static
/home/jogn/Projects/RIOT/build/pkg/lua/ldblib.c:56:12:db_setmetatable	8	static
/home/jogn/Projects/RIOT/build/pkg/lua/ldblib.c:107:13:settabss	16	static
/home/jogn/Projects/RIOT/build/pkg/lua/ldblib.c:130:13:treatstackoption	16	static
/home/jogn/Projects/RIOT/build/pkg/lua/ldblib.c:112:13:settabsi	16	static
/home/jogn/Projects/RIOT/build/pkg/lua/ldblib.c:75:12:db_setuservalue	8	static
/home/jogn/Projects/RIOT/build/pkg/lua/ldblib.c:284:12:db_upvalueid	8	static
/home/jogn/Projects/RIOT/build/pkg/lua/ldblib.c:291:12:db_upvaluejoin	24	static
/home/jogn/Projects/RIOT/build/pkg/lua/ldblib.c:47:12:db_getmetatable	8	static
/home/jogn/Projects/RIOT/build/pkg/lua/ldblib.c:66:12:db_getuservalue	8	static
/home/jogn/Projects/RIOT/build/pkg/lua/ldblib.c:402:12:db_debug	288	static
/home/jogn/Projects/RIOT/build/pkg/lua/ldblib.c:90:19:getthread	16	static
/home/jogn/Projects/RIOT/build/pkg/lua/ldblib.c:417:12:db_traceback	24	static
/home/jogn/Projects/RIOT/build/pkg/lua/ldblib.c:35:13:checkstack	8	static
/home/jogn/Projects/RIOT/build/pkg/lua/ldblib.c:224:12:db_setlocal	128	static
/home/jogn/Projects/RIOT/build/pkg/lua/ldblib.c:347:12:db_sethook	40	static
/home/jogn/Projects/RIOT/build/pkg/lua/ldblib.c:193:12:db_getlocal	120	static
/home/jogn/Projects/RIOT/build/pkg/lua/ldblib.c:379:12:db_gethook	32	static
/home/jogn/Projects/RIOT/build/pkg/lua/ldblib.c:305:13:hookf	24	static
/home/jogn/Projects/RIOT/build/pkg/lua/ldblib.c:145:12:db_getinfo	120	static
/home/jogn/Projects/RIOT/build/pkg/lua/ldblib.c:452:16:luaopen_debug	8	static
