/home/jogn/Projects/RIOT/build/pkg/lua/ldebug.c:45:12:currentpc	0	static
/home/jogn/Projects/RIOT/build/pkg/lua/ldebug.c:51:12:currentline	8	static
/home/jogn/Projects/RIOT/build/pkg/lua/ldebug.c:145:20:findlocal	32	static
/home/jogn/Projects/RIOT/build/pkg/lua/ldebug.c:62:13:swapextra	0	static
/home/jogn/Projects/RIOT/build/pkg/lua/ldebug.c:431:20:getobjname	40	static
/home/jogn/Projects/RIOT/build/pkg/lua/ldebug.c:355:13:kname	8	static
/home/jogn/Projects/RIOT/build/pkg/lua/ldebug.c:571:20:varinfo	32	static
/home/jogn/Projects/RIOT/build/pkg/lua/ldebug.c:81:14:lua_sethook	12	static
/home/jogn/Projects/RIOT/build/pkg/lua/ldebug.c:95:18:lua_gethook	0	static
/home/jogn/Projects/RIOT/build/pkg/lua/ldebug.c:100:13:lua_gethookmask	0	static
/home/jogn/Projects/RIOT/build/pkg/lua/ldebug.c:105:13:lua_gethookcount	0	static
/home/jogn/Projects/RIOT/build/pkg/lua/ldebug.c:110:13:lua_getstack	0	static
/home/jogn/Projects/RIOT/build/pkg/lua/ldebug.c:171:21:lua_getlocal	24	static
/home/jogn/Projects/RIOT/build/pkg/lua/ldebug.c:195:21:lua_setlocal	24	static
/home/jogn/Projects/RIOT/build/pkg/lua/ldebug.c:309:13:lua_getinfo	56	static
/home/jogn/Projects/RIOT/build/pkg/lua/ldebug.c:628:13:luaG_addinfo	88	static
/home/jogn/Projects/RIOT/build/pkg/lua/ldebug.c:640:9:luaG_errormsg	16	static
/home/jogn/Projects/RIOT/build/pkg/lua/ldebug.c:652:9:luaG_runerror	28	static
/home/jogn/Projects/RIOT/build/pkg/lua/ldebug.c:585:9:luaG_typeerror	32	static
/home/jogn/Projects/RIOT/build/pkg/lua/ldebug.c:591:9:luaG_concaterror	8	static
/home/jogn/Projects/RIOT/build/pkg/lua/ldebug.c:597:9:luaG_opinterror	32	static
/home/jogn/Projects/RIOT/build/pkg/lua/ldebug.c:609:9:luaG_tointerror	24	static
/home/jogn/Projects/RIOT/build/pkg/lua/ldebug.c:617:9:luaG_ordererror	16	static
/home/jogn/Projects/RIOT/build/pkg/lua/ldebug.c:665:6:luaG_traceexec	24	static
