/home/jogn/Projects/RIOT/build/pkg/lua/ldo.c:91:13:seterrorobj	16	static
/home/jogn/Projects/RIOT/build/pkg/lua/ldo.c:603:12:resume_error	16	static
/home/jogn/Projects/RIOT/build/pkg/lua/ldo.c:110:9:luaD_throw	16	static
/home/jogn/Projects/RIOT/build/pkg/lua/ldo.c:757:13:checkmode	16	static
/home/jogn/Projects/RIOT/build/pkg/lua/ldo.c:766:13:f_parser	24	static
/home/jogn/Projects/RIOT/build/pkg/lua/ldo.c:136:5:luaD_rawrunprotected	136	static
/home/jogn/Projects/RIOT/build/pkg/lua/ldo.c:177:6:luaD_reallocstack	32	static
/home/jogn/Projects/RIOT/build/pkg/lua/ldo.c:191:6:luaD_growstack	16	static
/home/jogn/Projects/RIOT/build/pkg/lua/ldo.c:221:6:luaD_shrinkstack	24	static
/home/jogn/Projects/RIOT/build/pkg/lua/ldo.c:240:6:luaD_inctop	8	static
/home/jogn/Projects/RIOT/build/pkg/lua/ldo.c:253:6:luaD_hook	136	static
/home/jogn/Projects/RIOT/build/pkg/lua/ldo.c:376:5:luaD_poscall	32	static
/home/jogn/Projects/RIOT/build/pkg/lua/ldo.c:518:13:finishCcall	16	static
/home/jogn/Projects/RIOT/build/pkg/lua/ldo.c:548:13:unroll	16	static
/home/jogn/Projects/RIOT/build/pkg/lua/ldo.c:413:5:luaD_precall	48	static
/home/jogn/Projects/RIOT/build/pkg/lua/ldo.c:619:13:resume	16	static
/home/jogn/Projects/RIOT/build/pkg/lua/ldo.c:495:6:luaD_call	16	static
/home/jogn/Projects/RIOT/build/pkg/lua/ldo.c:507:6:luaD_callnoyield	8	static
/home/jogn/Projects/RIOT/build/pkg/lua/ldo.c:648:13:lua_resume	48	static
/home/jogn/Projects/RIOT/build/pkg/lua/ldo.c:687:13:lua_isyieldable	0	static
/home/jogn/Projects/RIOT/build/pkg/lua/ldo.c:692:13:lua_yieldk	24	static
/home/jogn/Projects/RIOT/build/pkg/lua/ldo.c:721:5:luaD_pcall	48	static
/home/jogn/Projects/RIOT/build/pkg/lua/ldo.c:783:5:luaD_protectedparser	104	static
