/home/jogn/Projects/RIOT/build/pkg/lua/lfunc.c:25:11:luaF_newCclosure	8	static
/home/jogn/Projects/RIOT/build/pkg/lua/lfunc.c:33:11:luaF_newLclosure	16	static
/home/jogn/Projects/RIOT/build/pkg/lua/lfunc.c:45:6:luaF_initupvals	24	static
/home/jogn/Projects/RIOT/build/pkg/lua/lfunc.c:57:8:luaF_findupval	16	static
/home/jogn/Projects/RIOT/build/pkg/lua/lfunc.c:83:6:luaF_close	24	static
/home/jogn/Projects/RIOT/build/pkg/lua/lfunc.c:99:8:luaF_newproto	8	static
/home/jogn/Projects/RIOT/build/pkg/lua/lfunc.c:125:6:luaF_freeproto	16	static
/home/jogn/Projects/RIOT/build/pkg/lua/lfunc.c:140:13:luaF_getlocalname	20	static
