/home/jogn/Projects/RIOT/build/pkg/lua/lgc.c:235:13:reallymarkobject	24	static
/home/jogn/Projects/RIOT/build/pkg/lua/lgc.c:289:13:markmt	24	static
/home/jogn/Projects/RIOT/build/pkg/lua/lgc.c:299:13:markbeingfnz	16	static
/home/jogn/Projects/RIOT/build/pkg/lua/lgc.c:879:13:separatetobefnz	16	static
/home/jogn/Projects/RIOT/build/pkg/lua/lgc.c:806:13:GCTM	56	static
/home/jogn/Projects/RIOT/build/pkg/lua/lgc.c:843:12:runafewfinalizers	16	static
/home/jogn/Projects/RIOT/build/pkg/lua/lgc.c:800:13:dothecall	8	static
/home/jogn/Projects/RIOT/build/pkg/lua/lgc.c:939:13:setpause	16	static
/home/jogn/Projects/RIOT/build/pkg/lua/lgc.c:125:13:removeentry	0	static
/home/jogn/Projects/RIOT/build/pkg/lua/lgc.c:139:12:iscleared	8	static
/home/jogn/Projects/RIOT/build/pkg/lua/lgc.c:394:12:traverseephemeron	40	static
/home/jogn/Projects/RIOT/build/pkg/lua/lgc.c:559:13:propagatemark	32	static
/home/jogn/Projects/RIOT/build/pkg/lua/lgc.c:603:13:propagateall	8	static
/home/jogn/Projects/RIOT/build/pkg/lua/lgc.c:608:13:convergeephemerons.constprop	24	static
/home/jogn/Projects/RIOT/build/pkg/lua/lgc.c:657:13:clearvalues	32	static
/home/jogn/Projects/RIOT/build/pkg/lua/lgc.c:639:13:clearkeys.constprop	24	static
/home/jogn/Projects/RIOT/build/pkg/lua/lgc.c:155:6:luaC_barrier_	8	static
/home/jogn/Projects/RIOT/build/pkg/lua/lgc.c:171:6:luaC_barrierback_	0	static
/home/jogn/Projects/RIOT/build/pkg/lua/lgc.c:185:6:luaC_upvalbarrier_	8	static
/home/jogn/Projects/RIOT/build/pkg/lua/lgc.c:194:6:luaC_fix	0	static
/home/jogn/Projects/RIOT/build/pkg/lua/lgc.c:208:11:luaC_newobj	16	static
/home/jogn/Projects/RIOT/build/pkg/lua/lgc.c:677:6:luaC_upvdeccount	8	static
/home/jogn/Projects/RIOT/build/pkg/lua/lgc.c:734:19:sweeplist	40	static
/home/jogn/Projects/RIOT/build/pkg/lua/lgc.c:958:13:entersweep	8	static
/home/jogn/Projects/RIOT/build/pkg/lua/lgc.c:1028:15:sweepstep	24	static
/home/jogn/Projects/RIOT/build/pkg/lua/lgc.c:1044:15:singlestep	40	static
/home/jogn/Projects/RIOT/build/pkg/lua/lgc.c:901:6:luaC_checkfinalizer	24	static
/home/jogn/Projects/RIOT/build/pkg/lua/lgc.c:966:6:luaC_freeallobjects	16	static
/home/jogn/Projects/RIOT/build/pkg/lua/lgc.c:1103:6:luaC_runtilstate	24	static
/home/jogn/Projects/RIOT/build/pkg/lua/lgc.c:1128:6:luaC_step	24	static
/home/jogn/Projects/RIOT/build/pkg/lua/lgc.c:1158:6:luaC_fullgc	16	static
