/home/jogn/Projects/RIOT/build/pkg/lua/liolib.c:288:14:getiofile	16	static
/home/jogn/Projects/RIOT/build/pkg/lua/liolib.c:615:12:g_write	40	static
/home/jogn/Projects/RIOT/build/pkg/lua/liolib.c:639:12:io_write	8	static
/home/jogn/Projects/RIOT/build/pkg/lua/liolib.c:150:12:io_type	8	static
/home/jogn/Projects/RIOT/build/pkg/lua/liolib.c:174:14:tofile	16	static
/home/jogn/Projects/RIOT/build/pkg/lua/liolib.c:201:12:aux_close	16	static
/home/jogn/Projects/RIOT/build/pkg/lua/liolib.c:209:12:io_close	8	static
/home/jogn/Projects/RIOT/build/pkg/lua/liolib.c:217:12:f_gc	8	static
/home/jogn/Projects/RIOT/build/pkg/lua/liolib.c:740:12:io_noclose	8	static
/home/jogn/Projects/RIOT/build/pkg/lua/liolib.c:228:12:io_fclose	8	static
/home/jogn/Projects/RIOT/build/pkg/lua/liolib.c:188:17:newprefile	16	static
/home/jogn/Projects/RIOT/build/pkg/lua/liolib.c:412:12:test2	8	static
/home/jogn/Projects/RIOT/build/pkg/lua/liolib.c:477:12:read_line	48	static
/home/jogn/Projects/RIOT/build/pkg/lua/liolib.c:271:12:io_popen	16	static
/home/jogn/Projects/RIOT/build/pkg/lua/liolib.c:265:12:io_pclose	8	static
/home/jogn/Projects/RIOT/build/pkg/lua/liolib.c:644:12:f_write	16	static
/home/jogn/Projects/RIOT/build/pkg/lua/liolib.c:749:13:createstdfile	24	static
/home/jogn/Projects/RIOT/build/pkg/lua/liolib.c:334:13:aux_lines	24	static
/home/jogn/Projects/RIOT/build/pkg/lua/liolib.c:344:12:f_lines	8	static
/home/jogn/Projects/RIOT/build/pkg/lua/liolib.c:682:12:io_flush	8	static
/home/jogn/Projects/RIOT/build/pkg/lua/liolib.c:687:12:f_flush	8	static
/home/jogn/Projects/RIOT/build/pkg/lua/liolib.c:164:12:f_tostring	8	static
/home/jogn/Projects/RIOT/build/pkg/lua/liolib.c:670:12:f_setvbuf	16	static
/home/jogn/Projects/RIOT/build/pkg/lua/liolib.c:651:12:f_seek	16	static
/home/jogn/Projects/RIOT/build/pkg/lua/liolib.c:281:12:io_tmpfile	16	static
/home/jogn/Projects/RIOT/build/pkg/lua/liolib.c:422:12:readdigits	32	static
/home/jogn/Projects/RIOT/build/pkg/lua/liolib.c:524:12:g_read	112	static
/home/jogn/Projects/RIOT/build/pkg/lua/liolib.c:574:12:io_read	8	static
/home/jogn/Projects/RIOT/build/pkg/lua/liolib.c:579:12:f_read	8	static
/home/jogn/Projects/RIOT/build/pkg/lua/liolib.c:584:12:io_readline	24	static
/home/jogn/Projects/RIOT/build/pkg/lua/liolib.c:251:12:io_open	32	static
/home/jogn/Projects/RIOT/build/pkg/lua/liolib.c:243:13:opencheck	24	static
/home/jogn/Projects/RIOT/build/pkg/lua/liolib.c:298:12:g_iofile	16	static
/home/jogn/Projects/RIOT/build/pkg/lua/liolib.c:320:12:io_output	8	static
/home/jogn/Projects/RIOT/build/pkg/lua/liolib.c:315:12:io_input	8	static
/home/jogn/Projects/RIOT/build/pkg/lua/liolib.c:351:12:io_lines	16	static
/home/jogn/Projects/RIOT/build/pkg/lua/liolib.c:762:16:luaopen_io	16	static
