/home/jogn/Projects/RIOT/build/pkg/lua/llex.c:186:12:check_next1	8	static
/home/jogn/Projects/RIOT/build/pkg/lua/llex.c:70:6:luaX_init	24	static
/home/jogn/Projects/RIOT/build/pkg/lua/llex.c:82:13:luaX_token2str	8	static
/home/jogn/Projects/RIOT/build/pkg/lua/llex.c:109:16:lexerror	24	static
/home/jogn/Projects/RIOT/build/pkg/lua/llex.c:57:13:save	16	static
/home/jogn/Projects/RIOT/build/pkg/lua/llex.c:251:12:skip_sep	16	static
/home/jogn/Projects/RIOT/build/pkg/lua/llex.c:199:12:check_next2	8	static
/home/jogn/Projects/RIOT/build/pkg/lua/llex.c:151:13:inclinenumber	16	static
/home/jogn/Projects/RIOT/build/pkg/lua/llex.c:303:13:esccheck	16	static
/home/jogn/Projects/RIOT/build/pkg/lua/llex.c:312:12:gethexa	16	static
/home/jogn/Projects/RIOT/build/pkg/lua/llex.c:214:12:read_numeral	40	static
/home/jogn/Projects/RIOT/build/pkg/lua/llex.c:117:9:luaX_syntaxerror	8	static
/home/jogn/Projects/RIOT/build/pkg/lua/llex.c:127:10:luaX_newstring	16	static
/home/jogn/Projects/RIOT/build/pkg/lua/llex.c:264:13:read_long_string	24	static
/home/jogn/Projects/RIOT/build/pkg/lua/llex.c:429:12:llex	40	static
/home/jogn/Projects/RIOT/build/pkg/lua/llex.c:162:6:luaX_setinput	16	static
/home/jogn/Projects/RIOT/build/pkg/lua/llex.c:549:6:luaX_next	16	static
/home/jogn/Projects/RIOT/build/pkg/lua/llex.c:560:5:luaX_lookahead	8	static
