/home/jogn/Projects/RIOT/build/pkg/lua/lmathlib.c:96:13:pushnumint	16	static
/home/jogn/Projects/RIOT/build/pkg/lua/lmathlib.c:209:12:math_rad	8	static
/home/jogn/Projects/RIOT/build/pkg/lua/lmathlib.c:204:12:math_deg	8	static
/home/jogn/Projects/RIOT/build/pkg/lua/lmathlib.c:60:12:math_tan	8	static
/home/jogn/Projects/RIOT/build/pkg/lua/lmathlib.c:166:12:math_sqrt	8	static
/home/jogn/Projects/RIOT/build/pkg/lua/lmathlib.c:50:12:math_sin	8	static
/home/jogn/Projects/RIOT/build/pkg/lua/lmathlib.c:277:12:math_randomseed	8	static
/home/jogn/Projects/RIOT/build/pkg/lua/lmathlib.c:247:12:math_random	32	static
/home/jogn/Projects/RIOT/build/pkg/lua/lmathlib.c:215:12:math_min	24	static
/home/jogn/Projects/RIOT/build/pkg/lua/lmathlib.c:229:12:math_max	24	static
/home/jogn/Projects/RIOT/build/pkg/lua/lmathlib.c:179:12:math_log	16	static
/home/jogn/Projects/RIOT/build/pkg/lua/lmathlib.c:172:12:math_ult	16	static
/home/jogn/Projects/RIOT/build/pkg/lua/lmathlib.c:127:12:math_fmod	16	static
/home/jogn/Projects/RIOT/build/pkg/lua/lmathlib.c:199:12:math_exp	8	static
/home/jogn/Projects/RIOT/build/pkg/lua/lmathlib.c:55:12:math_cos	8	static
/home/jogn/Projects/RIOT/build/pkg/lua/lmathlib.c:75:12:math_atan	16	static
/home/jogn/Projects/RIOT/build/pkg/lua/lmathlib.c:65:12:math_asin	8	static
/home/jogn/Projects/RIOT/build/pkg/lua/lmathlib.c:70:12:math_acos	8	static
/home/jogn/Projects/RIOT/build/pkg/lua/lmathlib.c:284:12:math_type	8	static
/home/jogn/Projects/RIOT/build/pkg/lua/lmathlib.c:116:12:math_ceil	8	static
/home/jogn/Projects/RIOT/build/pkg/lua/lmathlib.c:149:12:math_modf	16	static
/home/jogn/Projects/RIOT/build/pkg/lua/lmathlib.c:105:12:math_floor	8	static
/home/jogn/Projects/RIOT/build/pkg/lua/lmathlib.c:83:12:math_toint	16	static
/home/jogn/Projects/RIOT/build/pkg/lua/lmathlib.c:39:12:math_abs	8	static
/home/jogn/Projects/RIOT/build/pkg/lua/lmathlib.c:398:16:luaopen_math	16	static
