/home/jogn/Projects/RIOT/build/pkg/lua/lparser.c:195:16:getlocvar	0	static
/home/jogn/Projects/RIOT/build/pkg/lua/lparser.c:439:13:enterblock	0	static
/home/jogn/Projects/RIOT/build/pkg/lua/lparser.c:97:12:testnext	8	static
/home/jogn/Projects/RIOT/build/pkg/lua/lparser.c:385:12:newlabelentry	40	static
/home/jogn/Projects/RIOT/build/pkg/lua/lparser.c:92:13:checklimit	32	static
/home/jogn/Projects/RIOT/build/pkg/lua/lparser.c:228:12:newupvalue	48	static
/home/jogn/Projects/RIOT/build/pkg/lua/lparser.c:331:13:enterlevel	8	static
/home/jogn/Projects/RIOT/build/pkg/lua/lparser.c:175:13:new_localvar	40	static
/home/jogn/Projects/RIOT/build/pkg/lua/lparser.c:187:13:new_localvarliteral_	8	static
/home/jogn/Projects/RIOT/build/pkg/lua/lparser.c:73:16:error_expected	16	static
/home/jogn/Projects/RIOT/build/pkg/lua/lparser.c:112:13:checknext	8	static
/home/jogn/Projects/RIOT/build/pkg/lua/lparser.c:309:13:adjust_assign	32	static
/home/jogn/Projects/RIOT/build/pkg/lua/lparser.c:122:13:check_match	40	static
/home/jogn/Projects/RIOT/build/pkg/lua/lparser.c:587:12:block_follow.isra	0	static
/home/jogn/Projects/RIOT/build/pkg/lua/lparser.c:270:13:singlevaraux	32	static
/home/jogn/Projects/RIOT/build/pkg/lua/lparser.c:202:13:adjustlocalvars.isra	16	static
/home/jogn/Projects/RIOT/build/pkg/lua/lparser.c:135:17:str_checkname	8	static
/home/jogn/Projects/RIOT/build/pkg/lua/lparser.c:156:13:checkname	16	static
/home/jogn/Projects/RIOT/build/pkg/lua/lparser.c:610:13:fieldsel	32	static
/home/jogn/Projects/RIOT/build/pkg/lua/lparser.c:295:13:singlevar	40	static
/home/jogn/Projects/RIOT/build/pkg/lua/lparser.c:341:13:closegoto	32	static
/home/jogn/Projects/RIOT/build/pkg/lua/lparser.c:403:13:findgotos	24	static
/home/jogn/Projects/RIOT/build/pkg/lua/lparser.c:365:12:findlabel	40	static
/home/jogn/Projects/RIOT/build/pkg/lua/lparser.c:473:13:leaveblock	48	static
/home/jogn/Projects/RIOT/build/pkg/lua/lparser.c:552:13:close_func	32	static
/home/jogn/Projects/RIOT/build/pkg/lua/lparser.c:1187:13:gotostat	24	static
/home/jogn/Projects/RIOT/build/pkg/lua/lparser.c:1537:13:statement	88	static
/home/jogn/Projects/RIOT/build/pkg/lua/lparser.c:598:13:statlist	16	static
/home/jogn/Projects/RIOT/build/pkg/lua/lparser.c:782:13:body	112	static
/home/jogn/Projects/RIOT/build/pkg/lua/lparser.c:1048:15:subexpr	56	static
/home/jogn/Projects/RIOT/build/pkg/lua/lparser.c:1078:13:expr	8	static
/home/jogn/Projects/RIOT/build/pkg/lua/lparser.c:621:13:yindex	16	static
/home/jogn/Projects/RIOT/build/pkg/lua/lparser.c:646:13:recfield	72	static
/home/jogn/Projects/RIOT/build/pkg/lua/lparser.c:693:13:listfield	16	static
/home/jogn/Projects/RIOT/build/pkg/lua/lparser.c:724:13:constructor	72	static
/home/jogn/Projects/RIOT/build/pkg/lua/lparser.c:804:12:explist	16	static
/home/jogn/Projects/RIOT/build/pkg/lua/lparser.c:817:13:funcargs	56	static
/home/jogn/Projects/RIOT/build/pkg/lua/lparser.c:893:13:suffixedexp	48	static
/home/jogn/Projects/RIOT/build/pkg/lua/lparser.c:1147:13:assignment	64	static
/home/jogn/Projects/RIOT/build/pkg/lua/lparser.c:1177:12:cond	24	static
/home/jogn/Projects/RIOT/build/pkg/lua/lparser.c:1280:12:exp1.isra	24	static
/home/jogn/Projects/RIOT/build/pkg/lua/lparser.c:1093:13:block	32	static
/home/jogn/Projects/RIOT/build/pkg/lua/lparser.c:1291:13:forbody	56	static
/home/jogn/Projects/RIOT/build/pkg/lua/lparser.c:1382:13:test_then_block	56	static
/home/jogn/Projects/RIOT/build/pkg/lua/lparser.c:1626:11:luaY_parser	192	static
