/home/jogn/Projects/RIOT/build/pkg/lua/lstring.c:40:5:luaS_eqlngstr	8	static
/home/jogn/Projects/RIOT/build/pkg/lua/lstring.c:49:14:luaS_hash	12	static
/home/jogn/Projects/RIOT/build/pkg/lua/lstring.c:58:14:luaS_hashlongstr	8	static
/home/jogn/Projects/RIOT/build/pkg/lua/lstring.c:71:6:luaS_resize	32	static
/home/jogn/Projects/RIOT/build/pkg/lua/lstring.c:167:17:internshrstr	40	static
/home/jogn/Projects/RIOT/build/pkg/lua/lstring.c:103:6:luaS_clearcache	8	static
/home/jogn/Projects/RIOT/build/pkg/lua/lstring.c:116:6:luaS_init	16	static
/home/jogn/Projects/RIOT/build/pkg/lua/lstring.c:147:10:luaS_createlngstrobj	16	static
/home/jogn/Projects/RIOT/build/pkg/lua/lstring.c:154:6:luaS_remove	0	static
/home/jogn/Projects/RIOT/build/pkg/lua/lstring.c:199:10:luaS_newlstr	16	static
/home/jogn/Projects/RIOT/build/pkg/lua/lstring.c:219:10:luaS_new	32	static
/home/jogn/Projects/RIOT/build/pkg/lua/lstring.c:236:8:luaS_newudata	16	static
