/home/jogn/Projects/RIOT/build/pkg/lua/lstrlib.c:282:12:match_class	8	static
/home/jogn/Projects/RIOT/build/pkg/lua/lstrlib.c:302:12:matchbracketclass	24	static
/home/jogn/Projects/RIOT/build/pkg/lua/lstrlib.c:54:12:str_len	16	static
/home/jogn/Projects/RIOT/build/pkg/lua/lstrlib.c:1450:20:unpackint	40	static
/home/jogn/Projects/RIOT/build/pkg/lua/lstrlib.c:258:20:classend	16	static
/home/jogn/Projects/RIOT/build/pkg/lua/lstrlib.c:1295:13:packint	24	static
/home/jogn/Projects/RIOT/build/pkg/lua/lstrlib.c:182:12:writer	8	static
/home/jogn/Projects/RIOT/build/pkg/lua/lstrlib.c:109:12:str_upper	40	static
/home/jogn/Projects/RIOT/build/pkg/lua/lstrlib.c:84:12:str_reverse	40	static
/home/jogn/Projects/RIOT/build/pkg/lua/lstrlib.c:96:12:str_lower	40	static
/home/jogn/Projects/RIOT/build/pkg/lua/lstrlib.c:122:12:str_rep	64	static
/home/jogn/Projects/RIOT/build/pkg/lua/lstrlib.c:689:12:gmatch	24	static
/home/jogn/Projects/RIOT/build/pkg/lua/lstrlib.c:167:12:str_char	48	static
/home/jogn/Projects/RIOT/build/pkg/lua/lstrlib.c:189:12:str_dump	32	static
/home/jogn/Projects/RIOT/build/pkg/lua/lstrlib.c:63:20:posrelat	0	static
/home/jogn/Projects/RIOT/build/pkg/lua/lstrlib.c:148:12:str_byte	40	static
/home/jogn/Projects/RIOT/build/pkg/lua/lstrlib.c:70:12:str_sub	32	static
/home/jogn/Projects/RIOT/build/pkg/lua/lstrlib.c:1182:12:getnum	12	static
/home/jogn/Projects/RIOT/build/pkg/lua/lstrlib.c:1199:12:getnumlimit	16	static
/home/jogn/Projects/RIOT/build/pkg/lua/lstrlib.c:1221:16:getoption	16	static
/home/jogn/Projects/RIOT/build/pkg/lua/lstrlib.c:1268:16:getdetails	40	static
/home/jogn/Projects/RIOT/build/pkg/lua/lstrlib.c:1417:12:str_packsize	48	static
/home/jogn/Projects/RIOT/build/pkg/lua/lstrlib.c:1316:13:copywithendian	8	static
/home/jogn/Projects/RIOT/build/pkg/lua/lstrlib.c:1476:12:str_unpack	96	static
/home/jogn/Projects/RIOT/build/pkg/lua/lstrlib.c:1330:12:str_pack	120	static
/home/jogn/Projects/RIOT/build/pkg/lua/lstrlib.c:550:13:push_onecapture	16	static
/home/jogn/Projects/RIOT/build/pkg/lua/lstrlib.c:569:12:push_captures	32	static
/home/jogn/Projects/RIOT/build/pkg/lua/lstrlib.c:1006:13:addlenmod.constprop	24	static
/home/jogn/Projects/RIOT/build/pkg/lua/lstrlib.c:1016:12:str_format	136	static
/home/jogn/Projects/RIOT/build/pkg/lua/lstrlib.c:325:12:singlematch.isra	16	static
/home/jogn/Projects/RIOT/build/pkg/lua/lstrlib.c:425:20:match	40	static
/home/jogn/Projects/RIOT/build/pkg/lua/lstrlib.c:389:20:start_capture	32	static
/home/jogn/Projects/RIOT/build/pkg/lua/lstrlib.c:607:12:str_find_aux	208	static
/home/jogn/Projects/RIOT/build/pkg/lua/lstrlib.c:659:12:str_match	8	static
/home/jogn/Projects/RIOT/build/pkg/lua/lstrlib.c:654:12:str_find	8	static
/home/jogn/Projects/RIOT/build/pkg/lua/lstrlib.c:762:12:str_gsub	256	static
/home/jogn/Projects/RIOT/build/pkg/lua/lstrlib.c:673:12:gmatch_aux	16	static
/home/jogn/Projects/RIOT/build/pkg/lua/lstrlib.c:1579:16:luaopen_string	16	static
