/home/jogn/Projects/RIOT/build/pkg/lua/ltablib.c:277:13:set2	16	static
/home/jogn/Projects/RIOT/build/pkg/lua/ltablib.c:207:12:unpack	24	static
/home/jogn/Projects/RIOT/build/pkg/lua/ltablib.c:194:12:pack	16	static
/home/jogn/Projects/RIOT/build/pkg/lua/ltablib.c:160:13:addfield	16	static
/home/jogn/Projects/RIOT/build/pkg/lua/ltablib.c:287:12:sort_comp	24	static
/home/jogn/Projects/RIOT/build/pkg/lua/ltablib.c:357:13:auxsort	40	static
/home/jogn/Projects/RIOT/build/pkg/lua/ltablib.c:46:13:checktab	24	static
/home/jogn/Projects/RIOT/build/pkg/lua/ltablib.c:411:12:sort	16	static
/home/jogn/Projects/RIOT/build/pkg/lua/ltablib.c:128:12:tmove	40	static
/home/jogn/Projects/RIOT/build/pkg/lua/ltablib.c:106:12:tremove	32	static
/home/jogn/Projects/RIOT/build/pkg/lua/ltablib.c:79:12:tinsert	24	static
/home/jogn/Projects/RIOT/build/pkg/lua/ltablib.c:169:12:tconcat	56	static
/home/jogn/Projects/RIOT/build/pkg/lua/ltablib.c:441:16:luaopen_table	8	static
