/home/jogn/Projects/RIOT/build/pkg/lua/ltm.c:37:6:luaT_init	16	static
/home/jogn/Projects/RIOT/build/pkg/lua/ltm.c:59:15:luaT_gettm	16	static
/home/jogn/Projects/RIOT/build/pkg/lua/ltm.c:70:15:luaT_gettmbyobj	8	static
/home/jogn/Projects/RIOT/build/pkg/lua/ltm.c:90:13:luaT_objtypename	16	static
/home/jogn/Projects/RIOT/build/pkg/lua/ltm.c:102:6:luaT_callTM	32	static
/home/jogn/Projects/RIOT/build/pkg/lua/ltm.c:124:5:luaT_callbinTM	40	static
/home/jogn/Projects/RIOT/build/pkg/lua/ltm.c:135:6:luaT_trybinTM	40	static
/home/jogn/Projects/RIOT/build/pkg/lua/ltm.c:158:5:luaT_callorderTM	16	static
